ARM Linker, 5.03 [Build 76] [MDK-ARM Lite]

==============================================================================

Section Cross References

    startup.o(STACK) refers (Special) to heapauxi.o(.text) for __use_two_region_memory
    startup.o(HEAP) refers (Special) to heapauxi.o(.text) for __use_two_region_memory
    startup.o(RESET) refers (Special) to heapauxi.o(.text) for __use_two_region_memory
    startup.o(RESET) refers to startup.o(STACK) for Stack_Top
    startup.o(RESET) refers to __main.o(!!!main) for __main
    startup.o(.text) refers (Special) to heapauxi.o(.text) for __use_two_region_memory
    startup.o(.text) refers to startup.o(HEAP) for Heap_Mem
    startup.o(.text) refers to startup.o(STACK) for Stack_Mem
    ds18b20.o(.text) refers to delay.o(.text) for delay_us
    exint.o(.text) refers to can.o(.text) for can1_tx
    exint.o(.text) refers to exint.o(.bss) for txF
    exint.o(.text) refers to exint.o(.data) for blink1
    mainnode.o(.text) refers to can.o(.text) for can1_init
    mainnode.o(.text) refers to exint.o(.text) for ext_int_init
    mainnode.o(.text) refers to lcd.o(.text) for lcd_init
    mainnode.o(.text) refers to ds18b20.o(.text) for ReadTemp
    mainnode.o(.text) refers to aeabi_sdiv.o(.text) for __aeabi_idivmod
    mainnode.o(.text) refers to delay.o(.text) for delay_ms
    mainnode.o(.text) refers to mainnode.o(.data) for temp
    mainnode.o(.text) refers to mainnode.o(.bss) for rxF
    mainnode.o(.text) refers to exint.o(.data) for blink1
    lcd.o(.text) refers to delay.o(.text) for delay_us
    lcd.o(.text) refers to aeabi_sdiv.o(.text) for __aeabi_idivmod
    lcd.o(.text) refers to fleqf.o(x$fpl$fleqf) for __aeabi_cfcmple
    lcd.o(.text) refers to ffix.o(x$fpl$ffix) for __aeabi_f2iz
    lcd.o(.text) refers to fflt_noclz.o(x$fpl$fflt) for __aeabi_i2f
    lcd.o(.text) refers to faddsub_noclz.o(x$fpl$frsb) for __aeabi_frsub
    lcd.o(.text) refers to fmul.o(x$fpl$fmul) for __aeabi_fmul
    aeabi_sdiv.o(.text_udiv) refers to aeabi_sdiv.o(.text) for __arm_div2
    aeabi_sdiv_div0.o(.text_udiv) refers to aeabi_sdiv_div0.o(.text) for __arm_div2
    __main.o(!!!main) refers to rtentry.o(.ARM.Collect$$rtentry$$00000000) for __rt_entry
    faddsub_noclz.o(x$fpl$fadd) refers (Special) to usenofp.o(x$fpl$usenofp) for __I$use$fp
    faddsub_noclz.o(x$fpl$fadd) refers to faddsub_noclz.o(x$fpl$fsub) for _fsub1
    faddsub_noclz.o(x$fpl$fadd) refers to fretinf.o(x$fpl$fretinf) for __fpl_fretinf
    faddsub_noclz.o(x$fpl$fadd) refers to fnaninf.o(x$fpl$fnaninf) for __fpl_fnaninf
    faddsub_noclz.o(x$fpl$frsb) refers (Special) to usenofp.o(x$fpl$usenofp) for __I$use$fp
    faddsub_noclz.o(x$fpl$frsb) refers to faddsub_noclz.o(x$fpl$fadd) for _fadd1
    faddsub_noclz.o(x$fpl$frsb) refers to faddsub_noclz.o(x$fpl$fsub) for _fsub1
    faddsub_noclz.o(x$fpl$fsub) refers (Special) to usenofp.o(x$fpl$usenofp) for __I$use$fp
    faddsub_noclz.o(x$fpl$fsub) refers to faddsub_noclz.o(x$fpl$fadd) for _fadd1
    faddsub_noclz.o(x$fpl$fsub) refers to fnaninf.o(x$fpl$fnaninf) for __fpl_fnaninf
    ffix.o(x$fpl$ffix) refers (Special) to usenofp.o(x$fpl$usenofp) for __I$use$fp
    ffix.o(x$fpl$ffix) refers to fnaninf.o(x$fpl$fnaninf) for __fpl_fnaninf
    ffix.o(x$fpl$ffixr) refers (Special) to usenofp.o(x$fpl$usenofp) for __I$use$fp
    ffix.o(x$fpl$ffixr) refers to fnaninf.o(x$fpl$fnaninf) for __fpl_fnaninf
    fflt_noclz.o(x$fpl$ffltu) refers (Special) to usenofp.o(x$fpl$usenofp) for __I$use$fp
    fflt_noclz.o(x$fpl$ffltu) refers to fflt_noclz.o(x$fpl$fflt) for __fflt_normalise
    fflt_noclz.o(x$fpl$fflt) refers (Special) to usenofp.o(x$fpl$usenofp) for __I$use$fp
    fleqf.o(x$fpl$fleqf) refers (Special) to usenofp.o(x$fpl$usenofp) for __I$use$fp
    fleqf.o(x$fpl$fleqf) refers to fnaninf.o(x$fpl$fnaninf) for __fpl_fnaninf
    fleqf.o(x$fpl$fleqf) refers to fcmpi.o(x$fpl$fcmpinf) for __fpl_fcmp_Inf
    fmul.o(x$fpl$fmul) refers (Special) to usenofp.o(x$fpl$usenofp) for __I$use$fp
    fmul.o(x$fpl$fmul) refers to fretinf.o(x$fpl$fretinf) for __fpl_fretinf
    fmul.o(x$fpl$fmul) refers to fnaninf.o(x$fpl$fnaninf) for __fpl_fnaninf
    rtentry.o(.ARM.Collect$$rtentry$$00000000) refers (Special) to rtentry2.o(.ARM.Collect$$rtentry$$0000000A) for __rt_entry_li
    rtentry.o(.ARM.Collect$$rtentry$$00000000) refers (Special) to rtentry2.o(.ARM.Collect$$rtentry$$0000000D) for __rt_entry_main
    rtentry.o(.ARM.Collect$$rtentry$$00000000) refers (Special) to rtentry2.o(.ARM.Collect$$rtentry$$0000000C) for __rt_entry_postli_1
    rtentry.o(.ARM.Collect$$rtentry$$00000000) refers (Special) to rtentry2.o(.ARM.Collect$$rtentry$$00000009) for __rt_entry_postsh_1
    rtentry.o(.ARM.Collect$$rtentry$$00000000) refers (Special) to rtentry2.o(.ARM.Collect$$rtentry$$00000002) for __rt_entry_presh_1
    rtentry.o(.ARM.Collect$$rtentry$$00000000) refers (Special) to rtentry4.o(.ARM.Collect$$rtentry$$00000004) for __rt_entry_sh
    aeabi_idiv0_sigfpe.o(.text) refers to rt_div0.o(.text) for __rt_div0
    fcmpi.o(x$fpl$fcmpinf) refers (Special) to usenofp.o(x$fpl$usenofp) for __I$use$fp
    fnaninf.o(x$fpl$fnaninf) refers (Special) to usenofp.o(x$fpl$usenofp) for __I$use$fp
    fretinf.o(x$fpl$fretinf) refers (Special) to usenofp.o(x$fpl$usenofp) for __I$use$fp
    rtentry2.o(.ARM.Collect$$rtentry$$00000008) refers to boardinit2.o(.text) for _platform_post_stackheap_init
    rtentry2.o(.ARM.Collect$$rtentry$$0000000A) refers to libinit.o(.ARM.Collect$$libinit$$00000000) for __rt_lib_init
    rtentry2.o(.ARM.Collect$$rtentry$$0000000B) refers to boardinit3.o(.text) for _platform_post_lib_init
    rtentry2.o(.ARM.Collect$$rtentry$$0000000D) refers to exit.o(.text) for exit
    rtentry2.o(.ARM.Collect$$rtentry$$0000000D) refers to mainnode.o(.text) for main
    rtentry2.o(.ARM.exidx) refers to rtentry2.o(.ARM.Collect$$rtentry$$00000001) for .ARM.Collect$$rtentry$$00000001
    rtentry2.o(.ARM.exidx) refers to rtentry2.o(.ARM.Collect$$rtentry$$00000008) for .ARM.Collect$$rtentry$$00000008
    rtentry2.o(.ARM.exidx) refers to rtentry2.o(.ARM.Collect$$rtentry$$0000000A) for .ARM.Collect$$rtentry$$0000000A
    rtentry2.o(.ARM.exidx) refers to rtentry2.o(.ARM.Collect$$rtentry$$0000000B) for .ARM.Collect$$rtentry$$0000000B
    rtentry2.o(.ARM.exidx) refers to rtentry2.o(.ARM.Collect$$rtentry$$0000000D) for .ARM.Collect$$rtentry$$0000000D
    rtentry4.o(.ARM.Collect$$rtentry$$00000004) refers to sys_stackheap_outer.o(.text) for __user_setup_stackheap
    rtentry4.o(.ARM.exidx) refers to rtentry4.o(.ARM.Collect$$rtentry$$00000004) for .ARM.Collect$$rtentry$$00000004
    rt_div0.o(.text) refers to defsig_fpe_outer.o(.text) for __rt_SIGFPE
    sys_stackheap_outer.o(.text) refers to libspace.o(.text) for __user_perproc_libspace
    sys_stackheap_outer.o(.text) refers to startup.o(.text) for __user_initial_stackheap
    exit.o(.text) refers to rtexit.o(.ARM.Collect$$rtexit$$00000000) for __rt_exit
    defsig_fpe_outer.o(.text) refers to defsig_fpe_inner.o(.text) for __rt_SIGFPE_inner
    defsig_fpe_outer.o(.text) refers to defsig_exit.o(.text) for __sig_exit
    defsig_fpe_formal.o(.text) refers to rt_raise.o(.text) for __rt_raise
    libinit.o(.ARM.Collect$$libinit$$00000000) refers (Special) to libinit2.o(.ARM.Collect$$libinit$$0000002C) for __rt_lib_init_alloca_1
    libinit.o(.ARM.Collect$$libinit$$00000000) refers (Special) to libinit2.o(.ARM.Collect$$libinit$$0000002A) for __rt_lib_init_argv_1
    libinit.o(.ARM.Collect$$libinit$$00000000) refers (Special) to libinit2.o(.ARM.Collect$$libinit$$00000019) for __rt_lib_init_atexit_1
    libinit.o(.ARM.Collect$$libinit$$00000000) refers (Special) to libinit2.o(.ARM.Collect$$libinit$$0000001F) for __rt_lib_init_clock_1
    libinit.o(.ARM.Collect$$libinit$$00000000) refers (Special) to libinit2.o(.ARM.Collect$$libinit$$00000030) for __rt_lib_init_cpp_1
    libinit.o(.ARM.Collect$$libinit$$00000000) refers (Special) to libinit2.o(.ARM.Collect$$libinit$$0000002E) for __rt_lib_init_exceptions_1
    libinit.o(.ARM.Collect$$libinit$$00000000) refers (Special) to libinit2.o(.ARM.Collect$$libinit$$00000002) for __rt_lib_init_fp_1
    libinit.o(.ARM.Collect$$libinit$$00000000) refers (Special) to libinit2.o(.ARM.Collect$$libinit$$0000001D) for __rt_lib_init_fp_trap_1
    libinit.o(.ARM.Collect$$libinit$$00000000) refers (Special) to libinit2.o(.ARM.Collect$$libinit$$00000021) for __rt_lib_init_getenv_1
    libinit.o(.ARM.Collect$$libinit$$00000000) refers (Special) to libinit2.o(.ARM.Collect$$libinit$$00000008) for __rt_lib_init_heap_1
    libinit.o(.ARM.Collect$$libinit$$00000000) refers (Special) to libinit2.o(.ARM.Collect$$libinit$$0000000F) for __rt_lib_init_lc_collate_1
    libinit.o(.ARM.Collect$$libinit$$00000000) refers (Special) to libinit2.o(.ARM.Collect$$libinit$$00000011) for __rt_lib_init_lc_ctype_1
    libinit.o(.ARM.Collect$$libinit$$00000000) refers (Special) to libinit2.o(.ARM.Collect$$libinit$$00000013) for __rt_lib_init_lc_monetary_1
    libinit.o(.ARM.Collect$$libinit$$00000000) refers (Special) to libinit2.o(.ARM.Collect$$libinit$$00000015) for __rt_lib_init_lc_numeric_1
    libinit.o(.ARM.Collect$$libinit$$00000000) refers (Special) to libinit2.o(.ARM.Collect$$libinit$$00000017) for __rt_lib_init_lc_time_1
    libinit.o(.ARM.Collect$$libinit$$00000000) refers (Special) to libinit2.o(.ARM.Collect$$libinit$$0000000C) for __rt_lib_init_rand_1
    libinit.o(.ARM.Collect$$libinit$$00000000) refers (Special) to libinit2.o(.ARM.Collect$$libinit$$00000031) for __rt_lib_init_return
    libinit.o(.ARM.Collect$$libinit$$00000000) refers (Special) to libinit2.o(.ARM.Collect$$libinit$$0000001B) for __rt_lib_init_signal_1
    libinit.o(.ARM.Collect$$libinit$$00000000) refers (Special) to libinit2.o(.ARM.Collect$$libinit$$00000023) for __rt_lib_init_stdio_1
    libinit.o(.ARM.Collect$$libinit$$00000000) refers (Special) to libinit2.o(.ARM.Collect$$libinit$$0000000A) for __rt_lib_init_user_alloc_1
    libspace.o(.text) refers to libspace.o(.bss) for __libspace_start
    rtexit.o(.ARM.Collect$$rtexit$$00000000) refers (Special) to rtexit2.o(.ARM.Collect$$rtexit$$00000004) for __rt_exit_exit
    rtexit.o(.ARM.Collect$$rtexit$$00000000) refers (Special) to rtexit2.o(.ARM.Collect$$rtexit$$00000003) for __rt_exit_ls
    rtexit.o(.ARM.Collect$$rtexit$$00000000) refers (Special) to rtexit2.o(.ARM.Collect$$rtexit$$00000002) for __rt_exit_prels_1
    rtexit.o(.ARM.exidx) refers (Special) to rtexit2.o(.ARM.Collect$$rtexit$$00000004) for __rt_exit_exit
    rtexit.o(.ARM.exidx) refers (Special) to rtexit2.o(.ARM.Collect$$rtexit$$00000003) for __rt_exit_ls
    rtexit.o(.ARM.exidx) refers (Special) to rtexit2.o(.ARM.Collect$$rtexit$$00000002) for __rt_exit_prels_1
    rtexit.o(.ARM.exidx) refers to rtexit.o(.ARM.Collect$$rtexit$$00000000) for .ARM.Collect$$rtexit$$00000000
    rt_raise.o(.text) refers to __raise.o(.text) for __raise
    rt_raise.o(.text) refers to sys_exit.o(.text) for _sys_exit
    defsig_exit.o(.text) refers to sys_exit.o(.text) for _sys_exit
    defsig_fpe_inner.o(.text) refers to defsig_general.o(.text) for __default_signal_display
    libinit2.o(.ARM.Collect$$libinit$$00000001) refers to fpinit.o(x$fpl$fpinit) for _fp_init
    libinit2.o(.ARM.Collect$$libinit$$0000000E) refers to libinit2.o(.ARM.Collect$$libinit$$0000000D) for .ARM.Collect$$libinit$$0000000D
    libinit2.o(.ARM.Collect$$libinit$$00000010) refers to libinit2.o(.ARM.Collect$$libinit$$0000000D) for .ARM.Collect$$libinit$$0000000D
    libinit2.o(.ARM.Collect$$libinit$$00000012) refers to libinit2.o(.ARM.Collect$$libinit$$0000000D) for .ARM.Collect$$libinit$$0000000D
    libinit2.o(.ARM.Collect$$libinit$$00000014) refers to libinit2.o(.ARM.Collect$$libinit$$0000000D) for .ARM.Collect$$libinit$$0000000D
    libinit2.o(.ARM.Collect$$libinit$$00000016) refers to libinit2.o(.ARM.Collect$$libinit$$0000000D) for .ARM.Collect$$libinit$$0000000D
    libinit2.o(.ARM.Collect$$libinit$$00000024) refers to argv_veneer.o(.emb_text) for __ARM_argv_veneer
    libinit2.o(.ARM.Collect$$libinit$$00000025) refers to argv_veneer.o(.emb_text) for __ARM_argv_veneer
    sys_exit.o(.text) refers (Special) to use_no_semi.o(.text) for __I$use$semihosting
    sys_exit.o(.text) refers (Special) to indicate_semi.o(.text) for __semihosting_library_function
    rtexit2.o(.ARM.Collect$$rtexit$$00000003) refers to libshutdown.o(.ARM.Collect$$libshutdown$$00000000) for __rt_lib_shutdown
    rtexit2.o(.ARM.Collect$$rtexit$$00000004) refers to sys_exit.o(.text) for _sys_exit
    rtexit2.o(.ARM.exidx) refers to rtexit2.o(.ARM.Collect$$rtexit$$00000001) for .ARM.Collect$$rtexit$$00000001
    rtexit2.o(.ARM.exidx) refers to rtexit2.o(.ARM.Collect$$rtexit$$00000003) for .ARM.Collect$$rtexit$$00000003
    rtexit2.o(.ARM.exidx) refers to rtexit2.o(.ARM.Collect$$rtexit$$00000004) for .ARM.Collect$$rtexit$$00000004
    __raise.o(.text) refers to __raise.o(i.__ARM_common_call_via_r2) for __ARM_common_call_via_r2
    __raise.o(.text) refers to defsig.o(CL$$defsig) for __default_signal_handler
    defsig_general.o(.text) refers to sys_wrch.o(.text) for _ttywrch
    argv_veneer.o(.emb_text) refers to no_argv.o(.text) for __ARM_get_argv
    sys_wrch.o(.text) refers (Special) to use_no_semi.o(.text) for __I$use$semihosting
    sys_wrch.o(.text) refers (Special) to indicate_semi.o(.text) for __semihosting_library_function
    defsig.o(CL$$defsig) refers to defsig_fpe_inner.o(.text) for __rt_SIGFPE_inner
    defsig.o(CL$$defsig) refers to defsig_rtmem_inner.o(.text) for __rt_SIGRTMEM_inner
    _get_argv_nomalloc.o(.text) refers (Special) to hrguard.o(.text) for __heap_region$guard
    _get_argv_nomalloc.o(.text) refers to defsig_rtmem_outer.o(.text) for __rt_SIGRTMEM
    _get_argv_nomalloc.o(.text) refers to sys_command.o(.text) for _sys_command_string
    libshutdown.o(.ARM.Collect$$libshutdown$$00000000) refers (Special) to libshutdown2.o(.ARM.Collect$$libshutdown$$00000006) for __rt_lib_shutdown_fp_trap_1
    libshutdown.o(.ARM.Collect$$libshutdown$$00000000) refers (Special) to libshutdown2.o(.ARM.Collect$$libshutdown$$0000000E) for __rt_lib_shutdown_heap_1
    libshutdown.o(.ARM.Collect$$libshutdown$$00000000) refers (Special) to libshutdown2.o(.ARM.Collect$$libshutdown$$0000000F) for __rt_lib_shutdown_return
    libshutdown.o(.ARM.Collect$$libshutdown$$00000000) refers (Special) to libshutdown2.o(.ARM.Collect$$libshutdown$$00000009) for __rt_lib_shutdown_signal_1
    libshutdown.o(.ARM.Collect$$libshutdown$$00000000) refers (Special) to libshutdown2.o(.ARM.Collect$$libshutdown$$00000003) for __rt_lib_shutdown_stdio_1
    libshutdown.o(.ARM.Collect$$libshutdown$$00000000) refers (Special) to libshutdown2.o(.ARM.Collect$$libshutdown$$0000000B) for __rt_lib_shutdown_user_alloc_1
    sys_command.o(.text) refers (Special) to use_no_semi.o(.text) for __I$use$semihosting
    sys_command.o(.text) refers (Special) to indicate_semi.o(.text) for __semihosting_library_function
    defsig_abrt_inner.o(.text) refers to defsig_general.o(.text) for __default_signal_display
    defsig_rtred_inner.o(.text) refers to defsig_general.o(.text) for __default_signal_display
    defsig_rtmem_inner.o(.text) refers to defsig_general.o(.text) for __default_signal_display
    defsig_rtmem_outer.o(.text) refers to defsig_rtmem_inner.o(.text) for __rt_SIGRTMEM_inner
    defsig_rtmem_outer.o(.text) refers to defsig_exit.o(.text) for __sig_exit
    defsig_rtmem_formal.o(.text) refers to rt_raise.o(.text) for __rt_raise
    defsig_stak_inner.o(.text) refers to defsig_general.o(.text) for __default_signal_display
    defsig_pvfn_inner.o(.text) refers to defsig_general.o(.text) for __default_signal_display
    defsig_cppl_inner.o(.text) refers to defsig_general.o(.text) for __default_signal_display
    defsig_segv_inner.o(.text) refers to defsig_general.o(.text) for __default_signal_display
    defsig_other.o(.text) refers to defsig_general.o(.text) for __default_signal_display


==============================================================================

Removing Unused input sections from the image.

    Removing startup.o(RESET), (272 bytes).

1 unused section(s) (total 272 bytes) removed from the image.

==============================================================================

Adding Veneers to the image

    Adding AT veneer (8 bytes, Inline) for call to '__rt_lib_init' from rtentry2.o(.ARM.Collect$$rtentry$$0000000A).
    Adding AT veneer (8 bytes, Inline) for call to '__rt_lib_shutdown' from rtexit2.o(.ARM.Collect$$rtexit$$00000003).
    Adding TA veneer (4 bytes, Inline) for call to '__rt_exit' from exit.o(.text).
    Adding AT veneer (8 bytes, Inline) for call to '_sys_exit' from rtexit2.o(.ARM.Collect$$rtexit$$00000004).

4 Veneer(s) (total 28 bytes) added to the image.

==============================================================================

Image Symbol Table

    Local Symbols

    Symbol Name                              Value     Ov Type        Size  Object(Section)

    !!!main                                  0x00000000   Section        8  __main.o(!!!main)
    ../clib/angel/boardlib.s                 0x00000000   Number         0  boardshut.o ABSOLUTE
    ../clib/angel/boardlib.s                 0x00000000   Number         0  boardinit2.o ABSOLUTE
    ../clib/angel/boardlib.s                 0x00000000   Number         0  boardinit3.o ABSOLUTE
    ../clib/angel/boardlib.s                 0x00000000   Number         0  boardinit1.o ABSOLUTE
    ../clib/angel/handlers.s                 0x00000000   Number         0  __scatter_zi.o ABSOLUTE
    ../clib/angel/handlers.s                 0x00000000   Number         0  __scatter_copy.o ABSOLUTE
    ../clib/angel/kernel.s                   0x00000000   Number         0  rtexit2.o ABSOLUTE
    ../clib/angel/kernel.s                   0x00000000   Number         0  rtentry.o ABSOLUTE
    ../clib/angel/kernel.s                   0x00000000   Number         0  rtentry4.o ABSOLUTE
    ../clib/angel/kernel.s                   0x00000000   Number         0  rtexit.o ABSOLUTE
    ../clib/angel/kernel.s                   0x00000000   Number         0  rtentry2.o ABSOLUTE
    ../clib/angel/rt.s                       0x00000000   Number         0  aeabi_idiv0.o ABSOLUTE
    ../clib/angel/rt.s                       0x00000000   Number         0  rt_raise.o ABSOLUTE
    ../clib/angel/rt.s                       0x00000000   Number         0  aeabi_idiv0_sigfpe.o ABSOLUTE
    ../clib/angel/rt.s                       0x00000000   Number         0  rt_div0.o ABSOLUTE
    ../clib/angel/scatter.s                  0x00000000   Number         0  __scatter.o ABSOLUTE
    ../clib/angel/startup.s                  0x00000000   Number         0  __main.o ABSOLUTE
    ../clib/angel/sys.s                      0x00000000   Number         0  use_no_semi.o ABSOLUTE
    ../clib/angel/sys.s                      0x00000000   Number         0  indicate_semi.o ABSOLUTE
    ../clib/angel/sys.s                      0x00000000   Number         0  libspace.o ABSOLUTE
    ../clib/angel/sys.s                      0x00000000   Number         0  sys_stackheap_outer.o ABSOLUTE
    ../clib/angel/sysapp.c                   0x00000000   Number         0  sys_exit.o ABSOLUTE
    ../clib/angel/sysapp.c                   0x00000000   Number         0  sys_command.o ABSOLUTE
    ../clib/angel/sysapp.c                   0x00000000   Number         0  sys_wrch.o ABSOLUTE
    ../clib/armsys.c                         0x00000000   Number         0  no_argv.o ABSOLUTE
    ../clib/armsys.c                         0x00000000   Number         0  _get_argv_nomalloc.o ABSOLUTE
    ../clib/armsys.c                         0x00000000   Number         0  argv_veneer.o ABSOLUTE
    ../clib/armsys.c                         0x00000000   Number         0  argv_veneer.o ABSOLUTE
    ../clib/division.s                       0x00000000   Number         0  aeabi_sdiv_div0.o ABSOLUTE
    ../clib/division.s                       0x00000000   Number         0  aeabi_sdiv.o ABSOLUTE
    ../clib/divrt.s                          0x00000000   Number         0  divrt_7tdmi_div0.o ABSOLUTE
    ../clib/divrt.s                          0x00000000   Number         0  divrt_7tdmi.o ABSOLUTE
    ../clib/heapalloc.c                      0x00000000   Number         0  hrguard.o ABSOLUTE
    ../clib/heapaux.c                        0x00000000   Number         0  heapauxi.o ABSOLUTE
    ../clib/libinit.s                        0x00000000   Number         0  libshutdown.o ABSOLUTE
    ../clib/libinit.s                        0x00000000   Number         0  libinit2.o ABSOLUTE
    ../clib/libinit.s                        0x00000000   Number         0  libinit.o ABSOLUTE
    ../clib/libinit.s                        0x00000000   Number         0  libshutdown2.o ABSOLUTE
    ../clib/signal.c                         0x00000000   Number         0  defsig_rtmem_outer.o ABSOLUTE
    ../clib/signal.c                         0x00000000   Number         0  defsig_general.o ABSOLUTE
    ../clib/signal.c                         0x00000000   Number         0  __raise.o ABSOLUTE
    ../clib/signal.c                         0x00000000   Number         0  defsig_rtmem_inner.o ABSOLUTE
    ../clib/signal.c                         0x00000000   Number         0  defsig_fpe_inner.o ABSOLUTE
    ../clib/signal.c                         0x00000000   Number         0  defsig_exit.o ABSOLUTE
    ../clib/signal.c                         0x00000000   Number         0  defsig_other.o ABSOLUTE
    ../clib/signal.c                         0x00000000   Number         0  defsig_segv_inner.o ABSOLUTE
    ../clib/signal.c                         0x00000000   Number         0  defsig_cppl_inner.o ABSOLUTE
    ../clib/signal.c                         0x00000000   Number         0  defsig_pvfn_inner.o ABSOLUTE
    ../clib/signal.c                         0x00000000   Number         0  defsig_fpe_outer.o ABSOLUTE
    ../clib/signal.c                         0x00000000   Number         0  defsig_fpe_formal.o ABSOLUTE
    ../clib/signal.c                         0x00000000   Number         0  defsig_stak_inner.o ABSOLUTE
    ../clib/signal.c                         0x00000000   Number         0  defsig_rtmem_formal.o ABSOLUTE
    ../clib/signal.c                         0x00000000   Number         0  defsig_rtred_inner.o ABSOLUTE
    ../clib/signal.c                         0x00000000   Number         0  defsig_abrt_inner.o ABSOLUTE
    ../clib/signal.s                         0x00000000   Number         0  defsig.o ABSOLUTE
    ../clib/stdlib.c                         0x00000000   Number         0  exit.o ABSOLUTE
    ../fplib/faddsub.s                       0x00000000   Number         0  faddsub_noclz.o ABSOLUTE
    ../fplib/fcmpi.s                         0x00000000   Number         0  fcmpi.o ABSOLUTE
    ../fplib/ffix.s                          0x00000000   Number         0  ffix.o ABSOLUTE
    ../fplib/fflt.s                          0x00000000   Number         0  fflt_noclz.o ABSOLUTE
    ../fplib/fleqf.s                         0x00000000   Number         0  fleqf.o ABSOLUTE
    ../fplib/fmul.s                          0x00000000   Number         0  fmul.o ABSOLUTE
    ../fplib/fnaninf.s                       0x00000000   Number         0  fnaninf.o ABSOLUTE
    ../fplib/fpinit.s                        0x00000000   Number         0  fpinit.o ABSOLUTE
    ../fplib/fretinf.s                       0x00000000   Number         0  fretinf.o ABSOLUTE
    ../fplib/usenofp.s                       0x00000000   Number         0  usenofp.o ABSOLUTE
    MAIN_CAN_PROJECT\EXINT.c                 0x00000000   Number         0  exint.o ABSOLUTE
    MAIN_CAN_PROJECT\MainNode.c              0x00000000   Number         0  mainnode.o ABSOLUTE
    MAIN_CAN_PROJECT\can.c                   0x00000000   Number         0  can.o ABSOLUTE
    MAIN_CAN_PROJECT\delay.c                 0x00000000   Number         0  delay.o ABSOLUTE
    MAIN_CAN_PROJECT\ds18b20.c               0x00000000   Number         0  ds18b20.o ABSOLUTE
    MAIN_CAN_PROJECT\lcd.c                   0x00000000   Number         0  lcd.o ABSOLUTE
    Startup.s                                0x00000000   Number         0  startup.o ABSOLUTE
    dc.s                                     0x00000000   Number         0  dc.o ABSOLUTE
    !!!scatter                               0x00000008   Section       60  __scatter.o(!!!scatter)
    !!handler_copy                           0x00000044   Section       40  __scatter_copy.o(!!handler_copy)
    !!handler_zi                             0x0000006c   Section       44  __scatter_zi.o(!!handler_zi)
    .ARM.Collect$$libinit$$00000000          0x000000a0   Section        2  libinit.o(.ARM.Collect$$libinit$$00000000)
    .ARM.Collect$$libinit$$00000002          0x000000a2   Section        0  libinit2.o(.ARM.Collect$$libinit$$00000002)
    .ARM.Collect$$libinit$$00000008          0x000000a2   Section        0  libinit2.o(.ARM.Collect$$libinit$$00000008)
    .ARM.Collect$$libinit$$0000000A          0x000000a2   Section        0  libinit2.o(.ARM.Collect$$libinit$$0000000A)
    .ARM.Collect$$libinit$$0000000C          0x000000a2   Section        0  libinit2.o(.ARM.Collect$$libinit$$0000000C)
    .ARM.Collect$$libinit$$0000000F          0x000000a2   Section        0  libinit2.o(.ARM.Collect$$libinit$$0000000F)
    .ARM.Collect$$libinit$$00000011          0x000000a2   Section        0  libinit2.o(.ARM.Collect$$libinit$$00000011)
    .ARM.Collect$$libinit$$00000013          0x000000a2   Section        0  libinit2.o(.ARM.Collect$$libinit$$00000013)
    .ARM.Collect$$libinit$$00000015          0x000000a2   Section        0  libinit2.o(.ARM.Collect$$libinit$$00000015)
    .ARM.Collect$$libinit$$00000017          0x000000a2   Section        0  libinit2.o(.ARM.Collect$$libinit$$00000017)
    .ARM.Collect$$libinit$$00000019          0x000000a2   Section        0  libinit2.o(.ARM.Collect$$libinit$$00000019)
    .ARM.Collect$$libinit$$0000001B          0x000000a2   Section        0  libinit2.o(.ARM.Collect$$libinit$$0000001B)
    .ARM.Collect$$libinit$$0000001D          0x000000a2   Section        0  libinit2.o(.ARM.Collect$$libinit$$0000001D)
    .ARM.Collect$$libinit$$0000001F          0x000000a2   Section        0  libinit2.o(.ARM.Collect$$libinit$$0000001F)
    .ARM.Collect$$libinit$$00000021          0x000000a2   Section        0  libinit2.o(.ARM.Collect$$libinit$$00000021)
    .ARM.Collect$$libinit$$00000023          0x000000a2   Section        0  libinit2.o(.ARM.Collect$$libinit$$00000023)
    .ARM.Collect$$libinit$$0000002A          0x000000a2   Section        0  libinit2.o(.ARM.Collect$$libinit$$0000002A)
    .ARM.Collect$$libinit$$0000002C          0x000000a2   Section        0  libinit2.o(.ARM.Collect$$libinit$$0000002C)
    .ARM.Collect$$libinit$$0000002E          0x000000a2   Section        0  libinit2.o(.ARM.Collect$$libinit$$0000002E)
    .ARM.Collect$$libinit$$00000030          0x000000a2   Section        0  libinit2.o(.ARM.Collect$$libinit$$00000030)
    .ARM.Collect$$libinit$$00000031          0x000000a2   Section       12  libinit2.o(.ARM.Collect$$libinit$$00000031)
    .ARM.Collect$$libshutdown$$00000000      0x000000b8   Section        4  libshutdown.o(.ARM.Collect$$libshutdown$$00000000)
    .ARM.Collect$$libshutdown$$00000003      0x000000bc   Section        0  libshutdown2.o(.ARM.Collect$$libshutdown$$00000003)
    .ARM.Collect$$libshutdown$$00000006      0x000000bc   Section        0  libshutdown2.o(.ARM.Collect$$libshutdown$$00000006)
    .ARM.Collect$$libshutdown$$00000009      0x000000bc   Section        0  libshutdown2.o(.ARM.Collect$$libshutdown$$00000009)
    .ARM.Collect$$libshutdown$$0000000B      0x000000bc   Section        0  libshutdown2.o(.ARM.Collect$$libshutdown$$0000000B)
    .ARM.Collect$$libshutdown$$0000000E      0x000000bc   Section        0  libshutdown2.o(.ARM.Collect$$libshutdown$$0000000E)
    .ARM.Collect$$libshutdown$$0000000F      0x000000bc   Section        6  libshutdown2.o(.ARM.Collect$$libshutdown$$0000000F)
    .ARM.Collect$$rtentry$$00000000          0x000000c4   Section        0  rtentry.o(.ARM.Collect$$rtentry$$00000000)
    .ARM.Collect$$rtentry$$00000002          0x000000c4   Section        0  rtentry2.o(.ARM.Collect$$rtentry$$00000002)
    .ARM.Collect$$rtentry$$00000004          0x000000c4   Section        8  rtentry4.o(.ARM.Collect$$rtentry$$00000004)
    .ARM.Collect$$rtentry$$00000009          0x000000cc   Section        0  rtentry2.o(.ARM.Collect$$rtentry$$00000009)
    .ARM.Collect$$rtentry$$0000000A          0x000000cc   Section        4  rtentry2.o(.ARM.Collect$$rtentry$$0000000A)
    .ARM.Collect$$rtentry$$0000000C          0x000000d0   Section        0  rtentry2.o(.ARM.Collect$$rtentry$$0000000C)
    .ARM.Collect$$rtentry$$0000000D          0x000000d0   Section       40  rtentry2.o(.ARM.Collect$$rtentry$$0000000D)
    .ARM.Collect$$rtexit$$00000000           0x000000fc   Section        4  rtexit.o(.ARM.Collect$$rtexit$$00000000)
    .ARM.Collect$$rtexit$$00000002           0x00000100   Section        0  rtexit2.o(.ARM.Collect$$rtexit$$00000002)
    .ARM.Collect$$rtexit$$00000003           0x00000100   Section        4  rtexit2.o(.ARM.Collect$$rtexit$$00000003)
    .ARM.Collect$$rtexit$$00000004           0x00000104   Section        8  rtexit2.o(.ARM.Collect$$rtexit$$00000004)
    .text                                    0x0000010c   Section       32  startup.o(.text)
    .text                                    0x0000012c   Section        0  ds18b20.o(.text)
    .text                                    0x000003f4   Section        0  delay.o(.text)
    .text                                    0x00000450   Section        0  can.o(.text)
    .text                                    0x00000648   Section        0  exint.o(.text)
    .text                                    0x0000082c   Section        0  mainnode.o(.text)
    .text                                    0x00000aa8   Section        0  lcd.o(.text)
    .text                                    0x0000100c   Section      384  aeabi_sdiv.o(.text)
    __arm_div8                               0x00001038   ARM Code       0  aeabi_sdiv.o(.text)
    __arm_div5                               0x0000105c   ARM Code       0  aeabi_sdiv.o(.text)
    __arm_div2                               0x00001080   ARM Code       0  aeabi_sdiv.o(.text)
    __arm_div_large                          0x000010bc   ARM Code       0  aeabi_sdiv.o(.text)
    .text                                    0x0000118c   Section        0  heapauxi.o(.text)
    .text                                    0x00001194   Section       96  sys_stackheap_outer.o(.text)
    .text                                    0x000011f4   Section        0  exit.o(.text)
    .text                                    0x00001200   Section       12  libspace.o(.text)
    .text                                    0x00001214   Section        0  sys_exit.o(.text)
    .text                                    0x00001220   Section        4  use_no_semi.o(.text)
    .text                                    0x00001224   Section        0  indicate_semi.o(.text)
    x$fpl$fadd                               0x00001224   Section      196  faddsub_noclz.o(x$fpl$fadd)
    _fadd1                                   0x00001230   ARM Code       0  faddsub_noclz.o(x$fpl$fadd)
    x$fpl$fcmpinf                            0x000012e8   Section       28  fcmpi.o(x$fpl$fcmpinf)
    x$fpl$ffix                               0x00001304   Section       68  ffix.o(x$fpl$ffix)
    x$fpl$fflt                               0x00001348   Section       92  fflt_noclz.o(x$fpl$fflt)
    x$fpl$fleqf                              0x000013a4   Section      132  fleqf.o(x$fpl$fleqf)
    x$fpl$fmul                               0x00001428   Section      256  fmul.o(x$fpl$fmul)
    x$fpl$fnaninf                            0x00001528   Section      168  fnaninf.o(x$fpl$fnaninf)
    x$fpl$fretinf                            0x000015d0   Section       16  fretinf.o(x$fpl$fretinf)
    x$fpl$frsb                               0x000015e0   Section       20  faddsub_noclz.o(x$fpl$frsb)
    x$fpl$fsub                               0x000015f4   Section      304  faddsub_noclz.o(x$fpl$fsub)
    _fsub1                                   0x00001600   ARM Code       0  faddsub_noclz.o(x$fpl$fsub)
    x$fpl$usenofp                            0x00001724   Section        0  usenofp.o(x$fpl$usenofp)
    .data                                    0x40000000   Section       16  exint.o(.data)
    .data                                    0x40000010   Section        9  mainnode.o(.data)
    .bss                                     0x4000001c   Section       16  exint.o(.bss)
    .bss                                     0x4000002c   Section       16  mainnode.o(.bss)
    .bss                                     0x4000003c   Section       96  libspace.o(.bss)
    HEAP                                     0x400000a0   Section        0  startup.o(HEAP)
    STACK                                    0x400000a0   Section     1160  startup.o(STACK)
    Heap_Mem                                 0x400000a0   Data           0  startup.o(HEAP)
    Stack_Mem                                0x400000a0   Data        1024  startup.o(STACK)
    Stack_Top                                0x40000528   Data           0  startup.o(STACK)

    Global Symbols

    Symbol Name                              Value     Ov Type        Size  Object(Section)

    BuildAttributes$$THM_ISAv1$ARM_ISAv4$S$PE$A:L22$X:L11$S22$IEEE1$IW$USESV6$~STKCKD$USESV7$~SHL$OSPACE$ROPI$EBA8$UX$STANDARDLIB$REQ8$PRES8$EABIv2 0x00000000   Number         0  anon$$obj.o ABSOLUTE
    __ARM_use_no_argv                        0x00000000   Number         0  mainnode.o ABSOLUTE
    __main                                   0x00000000   ARM Code       8  __main.o(!!!main)
    __ARM_exceptions_init                     - Undefined Weak Reference
    __alloca_initialize                       - Undefined Weak Reference
    __cpp_initialize__aeabi_                  - Undefined Weak Reference
    __cxa_finalize                            - Undefined Weak Reference
    __rt_locale                               - Undefined Weak Reference
    __sigvec_lookup                           - Undefined Weak Reference
    _atexit_init                              - Undefined Weak Reference
    _call_atexit_fns                          - Undefined Weak Reference
    _clock_init                               - Undefined Weak Reference
    _fp_trap_init                             - Undefined Weak Reference
    _fp_trap_shutdown                         - Undefined Weak Reference
    _get_lc_collate                           - Undefined Weak Reference
    _get_lc_ctype                             - Undefined Weak Reference
    _get_lc_monetary                          - Undefined Weak Reference
    _get_lc_numeric                           - Undefined Weak Reference
    _get_lc_time                              - Undefined Weak Reference
    _getenv_init                              - Undefined Weak Reference
    _handle_redirection                       - Undefined Weak Reference
    _init_alloc                               - Undefined Weak Reference
    _init_user_alloc                          - Undefined Weak Reference
    _initio                                   - Undefined Weak Reference
    _rand_init                                - Undefined Weak Reference
    _signal_finish                            - Undefined Weak Reference
    _signal_init                              - Undefined Weak Reference
    _terminate_alloc                          - Undefined Weak Reference
    _terminate_user_alloc                     - Undefined Weak Reference
    _terminateio                              - Undefined Weak Reference
    __scatterload                            0x00000008   ARM Code       0  __scatter.o(!!!scatter)
    __scatterload_rt2                        0x00000008   ARM Code      52  __scatter.o(!!!scatter)
    __scatterload_null                       0x0000001c   ARM Code       0  __scatter.o(!!!scatter)
    __scatterload_copy                       0x00000044   ARM Code      40  __scatter_copy.o(!!handler_copy)
    __scatterload_zeroinit                   0x0000006c   ARM Code      44  __scatter_zi.o(!!handler_zi)
    Inline ARM to Thumb Veneer to __rt_lib_init 0x00000098   ARM Code       8  libinit.o(.ARM.Collect$$libinit$$00000000)
    __rt_lib_init                            0x000000a1   Thumb Code     0  libinit.o(.ARM.Collect$$libinit$$00000000)
    __rt_lib_init_alloca_1                   0x000000a3   Thumb Code     0  libinit2.o(.ARM.Collect$$libinit$$0000002C)
    __rt_lib_init_argv_1                     0x000000a3   Thumb Code     0  libinit2.o(.ARM.Collect$$libinit$$0000002A)
    __rt_lib_init_atexit_1                   0x000000a3   Thumb Code     0  libinit2.o(.ARM.Collect$$libinit$$00000019)
    __rt_lib_init_clock_1                    0x000000a3   Thumb Code     0  libinit2.o(.ARM.Collect$$libinit$$0000001F)
    __rt_lib_init_cpp_1                      0x000000a3   Thumb Code     0  libinit2.o(.ARM.Collect$$libinit$$00000030)
    __rt_lib_init_exceptions_1               0x000000a3   Thumb Code     0  libinit2.o(.ARM.Collect$$libinit$$0000002E)
    __rt_lib_init_fp_1                       0x000000a3   Thumb Code     0  libinit2.o(.ARM.Collect$$libinit$$00000002)
    __rt_lib_init_fp_trap_1                  0x000000a3   Thumb Code     0  libinit2.o(.ARM.Collect$$libinit$$0000001D)
    __rt_lib_init_getenv_1                   0x000000a3   Thumb Code     0  libinit2.o(.ARM.Collect$$libinit$$00000021)
    __rt_lib_init_heap_1                     0x000000a3   Thumb Code     0  libinit2.o(.ARM.Collect$$libinit$$00000008)
    __rt_lib_init_lc_collate_1               0x000000a3   Thumb Code     0  libinit2.o(.ARM.Collect$$libinit$$0000000F)
    __rt_lib_init_lc_ctype_1                 0x000000a3   Thumb Code     0  libinit2.o(.ARM.Collect$$libinit$$00000011)
    __rt_lib_init_lc_monetary_1              0x000000a3   Thumb Code     0  libinit2.o(.ARM.Collect$$libinit$$00000013)
    __rt_lib_init_lc_numeric_1               0x000000a3   Thumb Code     0  libinit2.o(.ARM.Collect$$libinit$$00000015)
    __rt_lib_init_lc_time_1                  0x000000a3   Thumb Code     0  libinit2.o(.ARM.Collect$$libinit$$00000017)
    __rt_lib_init_rand_1                     0x000000a3   Thumb Code     0  libinit2.o(.ARM.Collect$$libinit$$0000000C)
    __rt_lib_init_return                     0x000000a3   Thumb Code     0  libinit2.o(.ARM.Collect$$libinit$$00000031)
    __rt_lib_init_signal_1                   0x000000a3   Thumb Code     0  libinit2.o(.ARM.Collect$$libinit$$0000001B)
    __rt_lib_init_stdio_1                    0x000000a3   Thumb Code     0  libinit2.o(.ARM.Collect$$libinit$$00000023)
    __rt_lib_init_user_alloc_1               0x000000a3   Thumb Code     0  libinit2.o(.ARM.Collect$$libinit$$0000000A)
    Inline ARM to Thumb Veneer to __rt_lib_shutdown 0x000000b0   ARM Code       8  libshutdown.o(.ARM.Collect$$libshutdown$$00000000)
    __rt_lib_shutdown                        0x000000b9   Thumb Code     0  libshutdown.o(.ARM.Collect$$libshutdown$$00000000)
    __rt_lib_shutdown_fp_trap_1              0x000000bd   Thumb Code     0  libshutdown2.o(.ARM.Collect$$libshutdown$$00000006)
    __rt_lib_shutdown_heap_1                 0x000000bd   Thumb Code     0  libshutdown2.o(.ARM.Collect$$libshutdown$$0000000E)
    __rt_lib_shutdown_return                 0x000000bd   Thumb Code     0  libshutdown2.o(.ARM.Collect$$libshutdown$$0000000F)
    __rt_lib_shutdown_signal_1               0x000000bd   Thumb Code     0  libshutdown2.o(.ARM.Collect$$libshutdown$$00000009)
    __rt_lib_shutdown_stdio_1                0x000000bd   Thumb Code     0  libshutdown2.o(.ARM.Collect$$libshutdown$$00000003)
    __rt_lib_shutdown_user_alloc_1           0x000000bd   Thumb Code     0  libshutdown2.o(.ARM.Collect$$libshutdown$$0000000B)
    __rt_entry                               0x000000c4   ARM Code       0  rtentry.o(.ARM.Collect$$rtentry$$00000000)
    __rt_entry_presh_1                       0x000000c4   ARM Code       0  rtentry2.o(.ARM.Collect$$rtentry$$00000002)
    __rt_entry_sh                            0x000000c4   ARM Code       0  rtentry4.o(.ARM.Collect$$rtentry$$00000004)
    __rt_entry_li                            0x000000cc   ARM Code       0  rtentry2.o(.ARM.Collect$$rtentry$$0000000A)
    __rt_entry_postsh_1                      0x000000cc   ARM Code       0  rtentry2.o(.ARM.Collect$$rtentry$$00000009)
    __rt_entry_main                          0x000000d0   ARM Code       0  rtentry2.o(.ARM.Collect$$rtentry$$0000000D)
    __rt_entry_postli_1                      0x000000d0   ARM Code       0  rtentry2.o(.ARM.Collect$$rtentry$$0000000C)
    Inline Thumb to ARM Veneer to __rt_exit  0x000000f9   Thumb Code     4  rtexit.o(.ARM.Collect$$rtexit$$00000000)
    __rt_exit                                0x000000fc   ARM Code       0  rtexit.o(.ARM.Collect$$rtexit$$00000000)
    __rt_exit_ls                             0x00000100   ARM Code       0  rtexit2.o(.ARM.Collect$$rtexit$$00000003)
    __rt_exit_prels_1                        0x00000100   ARM Code       0  rtexit2.o(.ARM.Collect$$rtexit$$00000002)
    __rt_exit_exit                           0x00000104   ARM Code       0  rtexit2.o(.ARM.Collect$$rtexit$$00000004)
    __user_initial_stackheap                 0x0000010c   ARM Code       0  startup.o(.text)
    ResetDS18b20                             0x0000012c   ARM Code     160  ds18b20.o(.text)
    ReadBit                                  0x000001cc   ARM Code     140  ds18b20.o(.text)
    WriteBit                                 0x00000258   ARM Code     108  ds18b20.o(.text)
    ReadByte                                 0x000002c4   ARM Code      88  ds18b20.o(.text)
    WriteByte                                0x0000031c   ARM Code      68  ds18b20.o(.text)
    ReadTemp                                 0x00000360   ARM Code     136  ds18b20.o(.text)
    delay_us                                 0x000003f4   ARM Code      28  delay.o(.text)
    delay_ms                                 0x00000410   ARM Code      28  delay.o(.text)
    delay_s                                  0x0000042c   ARM Code      28  delay.o(.text)
    can1_init                                0x00000450   ARM Code     112  can.o(.text)
    can1_tx                                  0x000004c0   ARM Code     204  can.o(.text)
    can1_rx                                  0x0000058c   ARM Code     172  can.o(.text)
    eint0_isr                                0x00000648   ARM Code     188  exint.o(.text)
    eint2_isr                                0x00000704   ARM Code     188  exint.o(.text)
    ext_int_init                             0x000007c0   ARM Code      84  exint.o(.text)
    main                                     0x0000082c   ARM Code     636  mainnode.o(.text)
    lcd_disp                                 0x00000aa8   ARM Code      84  lcd.o(.text)
    lcd_cmd                                  0x00000afc   ARM Code      36  lcd.o(.text)
    lcd_init                                 0x00000b20   ARM Code     140  lcd.o(.text)
    lcd_char                                 0x00000bac   ARM Code      36  lcd.o(.text)
    lcd_str                                  0x00000bd0   ARM Code      40  lcd.o(.text)
    lcd_int                                  0x00000bf8   ARM Code     176  lcd.o(.text)
    lcd_f32                                  0x00000ca8   ARM Code     160  lcd.o(.text)
    WriteToCGRAM                             0x00000d48   ARM Code     468  lcd.o(.text)
    lcd_hex                                  0x00000f1c   ARM Code     172  lcd.o(.text)
    lcd_hex_data                             0x00000fc8   ARM Code      64  lcd.o(.text)
    __aeabi_idiv                             0x0000100c   ARM Code       0  aeabi_sdiv.o(.text)
    __aeabi_idivmod                          0x0000100c   ARM Code     384  aeabi_sdiv.o(.text)
    __use_two_region_memory                  0x0000118d   Thumb Code     2  heapauxi.o(.text)
    __rt_heap_escrow$2region                 0x0000118f   Thumb Code     2  heapauxi.o(.text)
    __rt_heap_expand$2region                 0x00001191   Thumb Code     2  heapauxi.o(.text)
    __user_setup_stackheap                   0x00001194   ARM Code      96  sys_stackheap_outer.o(.text)
    exit                                     0x000011f5   Thumb Code    12  exit.o(.text)
    __user_libspace                          0x00001200   ARM Code      12  libspace.o(.text)
    __user_perproc_libspace                  0x00001200   ARM Code       0  libspace.o(.text)
    __user_perthread_libspace                0x00001200   ARM Code       0  libspace.o(.text)
    Inline ARM to Thumb Veneer to _sys_exit  0x0000120c   ARM Code       8  sys_exit.o(.text)
    _sys_exit                                0x00001215   Thumb Code     8  sys_exit.o(.text)
    __I$use$semihosting                      0x00001220   ARM Code       0  use_no_semi.o(.text)
    __use_no_semihosting_swi                 0x00001220   ARM Code       4  use_no_semi.o(.text)
    __aeabi_fadd                             0x00001224   ARM Code       0  faddsub_noclz.o(x$fpl$fadd)
    __semihosting_library_function           0x00001224   ARM Code       0  indicate_semi.o(.text)
    _fadd                                    0x00001224   ARM Code     196  faddsub_noclz.o(x$fpl$fadd)
    __fpl_fcmp_Inf                           0x000012e8   ARM Code      28  fcmpi.o(x$fpl$fcmpinf)
    __aeabi_f2iz                             0x00001304   ARM Code       0  ffix.o(x$fpl$ffix)
    _ffix                                    0x00001304   ARM Code      68  ffix.o(x$fpl$ffix)
    __aeabi_i2f                              0x00001348   ARM Code       0  fflt_noclz.o(x$fpl$fflt)
    _fflt                                    0x00001348   ARM Code      92  fflt_noclz.o(x$fpl$fflt)
    __fflt_normalise                         0x00001354   ARM Code       0  fflt_noclz.o(x$fpl$fflt)
    __aeabi_cfcmple                          0x000013a4   ARM Code       0  fleqf.o(x$fpl$fleqf)
    _fcmple                                  0x000013a4   ARM Code     132  fleqf.o(x$fpl$fleqf)
    __fpl_fcmple_InfNaN                      0x00001410   ARM Code       0  fleqf.o(x$fpl$fleqf)
    __aeabi_fmul                             0x00001428   ARM Code       0  fmul.o(x$fpl$fmul)
    _fmul                                    0x00001428   ARM Code     256  fmul.o(x$fpl$fmul)
    __fpl_fnaninf                            0x00001528   ARM Code     168  fnaninf.o(x$fpl$fnaninf)
    __fpl_fretinf                            0x000015d0   ARM Code      16  fretinf.o(x$fpl$fretinf)
    __aeabi_frsub                            0x000015e0   ARM Code       0  faddsub_noclz.o(x$fpl$frsb)
    _frsb                                    0x000015e0   ARM Code      20  faddsub_noclz.o(x$fpl$frsb)
    __aeabi_fsub                             0x000015f4   ARM Code       0  faddsub_noclz.o(x$fpl$fsub)
    _fsub                                    0x000015f4   ARM Code     304  faddsub_noclz.o(x$fpl$fsub)
    Region$$Table$$Base                      0x00001724   Number         0  anon$$obj.o(Region$$Table)
    __I$use$fp                               0x00001724   Number         0  usenofp.o(x$fpl$usenofp)
    Region$$Table$$Limit                     0x00001744   Number         0  anon$$obj.o(Region$$Table)
    blink1                                   0x40000000   Data           4  exint.o(.data)
    blink2                                   0x40000004   Data           4  exint.o(.data)
    eintflg1                                 0x40000008   Data           4  exint.o(.data)
    eintflg2                                 0x4000000c   Data           4  exint.o(.data)
    temp                                     0x40000010   Data           4  mainnode.o(.data)
    fuel                                     0x40000014   Data           1  mainnode.o(.data)
    tp                                       0x40000015   Data           1  mainnode.o(.data)
    tpd                                      0x40000016   Data           1  mainnode.o(.data)
    blocks                                   0x40000017   Data           1  mainnode.o(.data)
    i                                        0x40000018   Data           1  mainnode.o(.data)
    txF                                      0x4000001c   Data          16  exint.o(.bss)
    rxF                                      0x4000002c   Data          16  mainnode.o(.bss)
    __libspace_start                         0x4000003c   Data          96  libspace.o(.bss)
    __temporary_stack_top$libspace           0x4000009c   Data           0  libspace.o(.bss)



==============================================================================

Memory Map of the image

  Image Entry point : 0x00000000

  Load Region LR_1 (Base: 0x00000000, Size: 0x00001760, Max: 0xffffffff, ABSOLUTE)

    Execution Region ER_RO (Base: 0x00000000, Size: 0x00001744, Max: 0xffffffff, ABSOLUTE)

    Base Addr    Size         Type   Attr      Idx    E Section Name        Object

    0x00000000   0x00000008   Code   RO          154  * !!!main             c_t.l(__main.o)
    0x00000008   0x0000003c   Code   RO          345    !!!scatter          c_t.l(__scatter.o)
    0x00000044   0x00000028   Code   RO          347    !!handler_copy      c_t.l(__scatter_copy.o)
    0x0000006c   0x0000002c   Code   RO          349    !!handler_zi        c_t.l(__scatter_zi.o)
    0x00000098   0x00000008   Ven    RO          216    .ARM.Collect$$libinit$$00000000  c_t.l(libinit.o)
    0x000000a0   0x00000002   Code   RO          216    .ARM.Collect$$libinit$$00000000  c_t.l(libinit.o)
    0x000000a2   0x00000000   Code   RO          229    .ARM.Collect$$libinit$$00000002  c_t.l(libinit2.o)
    0x000000a2   0x00000000   Code   RO          232    .ARM.Collect$$libinit$$00000008  c_t.l(libinit2.o)
    0x000000a2   0x00000000   Code   RO          234    .ARM.Collect$$libinit$$0000000A  c_t.l(libinit2.o)
    0x000000a2   0x00000000   Code   RO          236    .ARM.Collect$$libinit$$0000000C  c_t.l(libinit2.o)
    0x000000a2   0x00000000   Code   RO          239    .ARM.Collect$$libinit$$0000000F  c_t.l(libinit2.o)
    0x000000a2   0x00000000   Code   RO          241    .ARM.Collect$$libinit$$00000011  c_t.l(libinit2.o)
    0x000000a2   0x00000000   Code   RO          243    .ARM.Collect$$libinit$$00000013  c_t.l(libinit2.o)
    0x000000a2   0x00000000   Code   RO          245    .ARM.Collect$$libinit$$00000015  c_t.l(libinit2.o)
    0x000000a2   0x00000000   Code   RO          247    .ARM.Collect$$libinit$$00000017  c_t.l(libinit2.o)
    0x000000a2   0x00000000   Code   RO          249    .ARM.Collect$$libinit$$00000019  c_t.l(libinit2.o)
    0x000000a2   0x00000000   Code   RO          251    .ARM.Collect$$libinit$$0000001B  c_t.l(libinit2.o)
    0x000000a2   0x00000000   Code   RO          253    .ARM.Collect$$libinit$$0000001D  c_t.l(libinit2.o)
    0x000000a2   0x00000000   Code   RO          255    .ARM.Collect$$libinit$$0000001F  c_t.l(libinit2.o)
    0x000000a2   0x00000000   Code   RO          257    .ARM.Collect$$libinit$$00000021  c_t.l(libinit2.o)
    0x000000a2   0x00000000   Code   RO          259    .ARM.Collect$$libinit$$00000023  c_t.l(libinit2.o)
    0x000000a2   0x00000000   Code   RO          263    .ARM.Collect$$libinit$$0000002A  c_t.l(libinit2.o)
    0x000000a2   0x00000000   Code   RO          265    .ARM.Collect$$libinit$$0000002C  c_t.l(libinit2.o)
    0x000000a2   0x00000000   Code   RO          267    .ARM.Collect$$libinit$$0000002E  c_t.l(libinit2.o)
    0x000000a2   0x00000000   Code   RO          269    .ARM.Collect$$libinit$$00000030  c_t.l(libinit2.o)
    0x000000a2   0x0000000c   Code   RO          270    .ARM.Collect$$libinit$$00000031  c_t.l(libinit2.o)
    0x000000ae   0x00000002   PAD
    0x000000b0   0x00000008   Ven    RO          303    .ARM.Collect$$libshutdown$$00000000  c_t.l(libshutdown.o)
    0x000000b8   0x00000004   Code   RO          303    .ARM.Collect$$libshutdown$$00000000  c_t.l(libshutdown.o)
    0x000000bc   0x00000000   Code   RO          330    .ARM.Collect$$libshutdown$$00000003  c_t.l(libshutdown2.o)
    0x000000bc   0x00000000   Code   RO          333    .ARM.Collect$$libshutdown$$00000006  c_t.l(libshutdown2.o)
    0x000000bc   0x00000000   Code   RO          336    .ARM.Collect$$libshutdown$$00000009  c_t.l(libshutdown2.o)
    0x000000bc   0x00000000   Code   RO          338    .ARM.Collect$$libshutdown$$0000000B  c_t.l(libshutdown2.o)
    0x000000bc   0x00000000   Code   RO          341    .ARM.Collect$$libshutdown$$0000000E  c_t.l(libshutdown2.o)
    0x000000bc   0x00000006   Code   RO          342    .ARM.Collect$$libshutdown$$0000000F  c_t.l(libshutdown2.o)
    0x000000c2   0x00000002   PAD
    0x000000c4   0x00000000   Code   RO          174    .ARM.Collect$$rtentry$$00000000  c_t.l(rtentry.o)
    0x000000c4   0x00000000   Code   RO          187    .ARM.Collect$$rtentry$$00000002  c_t.l(rtentry2.o)
    0x000000c4   0x00000008   Code   RO          199    .ARM.Collect$$rtentry$$00000004  c_t.l(rtentry4.o)
    0x000000cc   0x00000000   Code   RO          189    .ARM.Collect$$rtentry$$00000009  c_t.l(rtentry2.o)
    0x000000cc   0x00000004   Code   RO          190    .ARM.Collect$$rtentry$$0000000A  c_t.l(rtentry2.o)
    0x000000d0   0x00000000   Code   RO          192    .ARM.Collect$$rtentry$$0000000C  c_t.l(rtentry2.o)
    0x000000d0   0x00000028   Code   RO          193    .ARM.Collect$$rtentry$$0000000D  c_t.l(rtentry2.o)
    0x000000f8   0x00000004   Ven    RO          220    .ARM.Collect$$rtexit$$00000000  c_t.l(rtexit.o)
    0x000000fc   0x00000004   Code   RO          220    .ARM.Collect$$rtexit$$00000000  c_t.l(rtexit.o)
    0x00000100   0x00000000   Code   RO          274    .ARM.Collect$$rtexit$$00000002  c_t.l(rtexit2.o)
    0x00000100   0x00000004   Code   RO          275    .ARM.Collect$$rtexit$$00000003  c_t.l(rtexit2.o)
    0x00000104   0x00000008   Code   RO          276    .ARM.Collect$$rtexit$$00000004  c_t.l(rtexit2.o)
    0x0000010c   0x00000020   Code   RO            4    .text               startup.o
    0x0000012c   0x000002c8   Code   RO           11    .text               ds18b20.o
    0x000003f4   0x0000005c   Code   RO           32    .text               delay.o
    0x00000450   0x000001f8   Code   RO           44    .text               can.o
    0x00000648   0x000001e4   Code   RO           67    .text               exint.o
    0x0000082c   0x0000027c   Code   RO           97    .text               mainnode.o
    0x00000aa8   0x00000564   Code   RO          117    .text               lcd.o
    0x0000100c   0x00000180   Code   RO          136    .text               c_t.l(aeabi_sdiv.o)
    0x0000118c   0x00000006   Code   RO          152    .text               c_t.l(heapauxi.o)
    0x00001192   0x00000002   PAD
    0x00001194   0x00000060   Code   RO          203    .text               c_t.l(sys_stackheap_outer.o)
    0x000011f4   0x0000000c   Code   RO          205    .text               c_t.l(exit.o)
    0x00001200   0x0000000c   Code   RO          217    .text               c_t.l(libspace.o)
    0x0000120c   0x00000008   Ven    RO          271    .text               c_t.l(sys_exit.o)
    0x00001214   0x0000000c   Code   RO          271    .text               c_t.l(sys_exit.o)
    0x00001220   0x00000004   Code   RO          292    .text               c_t.l(use_no_semi.o)
    0x00001224   0x00000000   Code   RO          294    .text               c_t.l(indicate_semi.o)
    0x00001224   0x000000c4   Code   RO          156    x$fpl$fadd          fz_ts.l(faddsub_noclz.o)
    0x000012e8   0x0000001c   Code   RO          179    x$fpl$fcmpinf       fz_ts.l(fcmpi.o)
    0x00001304   0x00000044   Code   RO          162    x$fpl$ffix          fz_ts.l(ffix.o)
    0x00001348   0x0000005c   Code   RO          167    x$fpl$fflt          fz_ts.l(fflt_noclz.o)
    0x000013a4   0x00000084   Code   RO          170    x$fpl$fleqf         fz_ts.l(fleqf.o)
    0x00001428   0x00000100   Code   RO          172    x$fpl$fmul          fz_ts.l(fmul.o)
    0x00001528   0x000000a8   Code   RO          181    x$fpl$fnaninf       fz_ts.l(fnaninf.o)
    0x000015d0   0x00000010   Code   RO          183    x$fpl$fretinf       fz_ts.l(fretinf.o)
    0x000015e0   0x00000014   Code   RO          157    x$fpl$frsb          fz_ts.l(faddsub_noclz.o)
    0x000015f4   0x00000130   Code   RO          158    x$fpl$fsub          fz_ts.l(faddsub_noclz.o)
    0x00001724   0x00000000   Code   RO          185    x$fpl$usenofp       fz_ts.l(usenofp.o)
    0x00001724   0x00000020   Data   RO          343    Region$$Table       anon$$obj.o


    Execution Region ER_RW (Base: 0x40000000, Size: 0x0000001c, Max: 0xffffffff, ABSOLUTE)

    Base Addr    Size         Type   Attr      Idx    E Section Name        Object

    0x40000000   0x00000010   Data   RW           69    .data               exint.o
    0x40000010   0x00000009   Data   RW           99    .data               mainnode.o


    Execution Region ER_ZI (Base: 0x4000001c, Size: 0x0000050c, Max: 0xffffffff, ABSOLUTE)

    Base Addr    Size         Type   Attr      Idx    E Section Name        Object

    0x4000001c   0x00000010   Zero   RW           68    .bss                exint.o
    0x4000002c   0x00000010   Zero   RW           98    .bss                mainnode.o
    0x4000003c   0x00000060   Zero   RW          218    .bss                c_t.l(libspace.o)
    0x4000009c   0x00000004   PAD
    0x400000a0   0x00000000   Zero   RW            2    HEAP                startup.o
    0x400000a0   0x00000488   Zero   RW            1    STACK               startup.o


==============================================================================

Image component sizes


      Code (inc. data)   RO Data    RW Data    ZI Data      Debug   Object Name

       504         16          0          0          0       2248   can.o
        92          8          0          0          0        680   delay.o
       712         12          0          0          0       3580   ds18b20.o
       484         24          0         16         16       2741   exint.o
      1380         76          0          0          0       3707   lcd.o
       636         88          0          9         16        975   mainnode.o
        32         12          0          0       1160        224   startup.o

    ----------------------------------------------------------------------
      3840        236         32         28       1192      14155   Object Totals
         0          0         32          0          0          0   (incl. Generated)
         0          0          0          3          0          0   (incl. Padding)

    ----------------------------------------------------------------------

      Code (inc. data)   RO Data    RW Data    ZI Data      Debug   Library Member Name

         8          0          0          0          0         68   __main.o
        60          8          0          0          0          0   __scatter.o
        40          0          0          0          0          0   __scatter_copy.o
        44          0          0          0          0          0   __scatter_zi.o
       384          0          0          0          0         80   aeabi_sdiv.o
        12          0          0          0          0         64   exit.o
         6          0          0          0          0        136   heapauxi.o
         0          0          0          0          0          0   indicate_semi.o
        10          0          0          0          0          0   libinit.o
        12          0          0          0          0          0   libinit2.o
        12          0          0          0          0          0   libshutdown.o
         6          0          0          0          0          0   libshutdown2.o
        12          4          0          0         96         68   libspace.o
         0          0          0          0          0          0   rtentry.o
        44          4          0          0          0          0   rtentry2.o
         8          0          0          0          0          0   rtentry4.o
         8          0          0          0          0          0   rtexit.o
        12          0          0          0          0          0   rtexit2.o
        20          4          0          0          0         60   sys_exit.o
        96          0          0          0          0         80   sys_stackheap_outer.o
         4          0          0          0          0         68   use_no_semi.o
       520          8          0          0          0        236   faddsub_noclz.o
        28          0          0          0          0         68   fcmpi.o
        68          4          0          0          0         84   ffix.o
        92          0          0          0          0         68   fflt_noclz.o
       132          4          0          0          0         84   fleqf.o
       256          4          0          0          0         84   fmul.o
       168          0          0          0          0         96   fnaninf.o
        16          0          0          0          0         68   fretinf.o
         0          0          0          0          0          0   usenofp.o

    ----------------------------------------------------------------------
      2084         40          0          0        100       1412   Library Totals
         6          0          0          0          4          0   (incl. Padding)

    ----------------------------------------------------------------------

      Code (inc. data)   RO Data    RW Data    ZI Data      Debug   Library Name

       798         20          0          0         96        624   c_t.l
      1280         20          0          0          0        788   fz_ts.l

    ----------------------------------------------------------------------
      2084         40          0          0        100       1412   Library Totals

    ----------------------------------------------------------------------

==============================================================================


      Code (inc. data)   RO Data    RW Data    ZI Data      Debug   

      5924        276         32         28       1292      14543   Grand Totals
      5924        276         32         28       1292      14543   ELF Image Totals
      5924        276         32         28          0          0   ROM Totals

==============================================================================

    Total RO  Size (Code + RO Data)                 5956 (   5.82kB)
    Total RW  Size (RW Data + ZI Data)              1320 (   1.29kB)
    Total ROM Size (Code + RO Data + RW Data)       5984 (   5.84kB)

==============================================================================

